// Jest Snapshot v1, https://goo.gl/fbAQLP

exports[`app/panel/components/CreateAccount Component Snapshot test with react-test-renderer Testing account creation page is rendering 1`] = `
<div
  id="create-account-panel"
>
  <div
    className="row align-center"
  >
    <div
      className="small-11 medium-8 columns"
    >
      <form
        onSubmit={[Function]}
      >
        <div
          className="row"
        >
          <div
            className="columns"
          >
            <div
              className=""
              id="create-account-email"
            >
              <label
                className="create-account-label"
                htmlFor="create-input-email"
                id="create-email-label"
              >
                email_field_label
                <span
                  className="asterisk"
                >
                  *
                </span>
                <input
                  autoComplete="off"
                  className="create-account-input"
                  id="create-input-email"
                  name="email"
                  onChange={[Function]}
                  pattern=".{1,}"
                  required={true}
                  type="text"
                  value=""
                />
              </label>
              <p
                className="warning"
                id="email-invalid"
              >
                invalid_email_create
              </p>
            </div>
            <div
              className=""
              id="create-account-email-confirm"
            >
              <label
                className="create-account-label"
                htmlFor="create-input-email-confirm"
                id="create-email-confirm-label"
              >
                email_confirm_field_label
                <span
                  className="asterisk"
                >
                  *
                </span>
                <input
                  autoComplete="off"
                  className="create-account-input"
                  id="create-input-email-confirm"
                  name="confirmEmail"
                  onChange={[Function]}
                  pattern=".{1,}"
                  required={true}
                  type="text"
                  value=""
                />
              </label>
              <p
                className="warning"
              >
                invalid_email_confirmation
              </p>
            </div>
          </div>
        </div>
        <div
          className="row"
        >
          <div
            className="small-6 columns"
          >
            <div
              id="create-account-first-name"
            >
              <label
                className="create-account-label"
                htmlFor="create-input-first-name"
                id="create-first-name-label"
              >
                first_name_field_label
                <input
                  className="create-account-input"
                  id="create-input-first-name"
                  name="firstName"
                  onChange={[Function]}
                  pattern=".{1,}"
                  type="text"
                  value=""
                />
              </label>
            </div>
          </div>
          <div
            className="small-6 columns"
          >
            <div
              id="create-account-last-name"
            >
              <label
                className="create-account-label"
                htmlFor="create-input-last-name"
                id="create-last-name-label"
              >
                last_name_field_label
                <input
                  className="create-account-input"
                  id="create-input-last-name"
                  name="lastName"
                  onChange={[Function]}
                  pattern=".{1,}"
                  type="text"
                  value=""
                />
              </label>
            </div>
          </div>
        </div>
        <div
          className="row"
        >
          <div
            className="small-12 columns"
          >
            <div
              className=""
              id="create-account-password"
            >
              <div
                className="row"
              >
                <div
                  className="columns"
                >
                  <label
                    className="create-account-label"
                    htmlFor="create-input-password"
                    id="create-password-label"
                  >
                    create_password_field_label
                    <span
                      className="asterisk"
                    >
                      *
                    </span>
                    <input
                      className="create-account-input"
                      id="create-input-password"
                      name="password"
                      onChange={[Function]}
                      pattern=".{1,}"
                      required={true}
                      type="password"
                      value=""
                    />
                  </label>
                </div>
              </div>
              <p
                className="warning"
              >
                <span
                  className=""
                  id="password-length-requirement"
                >
                  password_requirements
                </span>
                <span
                  className=""
                  id="password-characters-requirement"
                >
                  password_characters_requirements
                </span>
              </p>
            </div>
          </div>
        </div>
        <div
          className="row"
        >
          <div
            className="small-12 columns"
          >
            <div
              id="create-account-promotions"
            >
              <input
                checked={true}
                id="promotionsChecked"
                name="promotionsChecked"
                onChange={[Function]}
                type="checkbox"
              />
              <label
                htmlFor="promotionsChecked"
              >
                hub_create_account_checkbox_promotions
              </label>
            </div>
          </div>
        </div>
        <div
          className="row"
        >
          <div
            className="small-12 columns"
          >
            <div
              id="create-account-privacy-container"
            >
              <p
                dangerouslySetInnerHTML={
                  Object {
                    "__html": "account_creation_privacy_statement",
                  }
                }
                id="accept-privacy-label"
              />
            </div>
            <div
              className="row align-center"
              id="account-creation-buttons"
            >
              <div
                className="small-6 columns text-center"
              >
                <a
                  className="cancel button hollow"
                  href="/"
                  id="create-account-cancel"
                  onClick={[Function]}
                >
                  button_cancel
                </a>
              </div>
              <div
                className="small-6 columns text-center"
              >
                <button
                  className="button ghostery-button"
                  id="create-account-button"
                  type="submit"
                >
                  <span
                    className="title"
                  >
                    panel_title_create_account
                  </span>
                  <span
                    className="loader"
                  />
                </button>
              </div>
            </div>
          </div>
        </div>
      </form>
    </div>
  </div>
</div>
`;

exports[`app/panel/components/CreateAccount Component Snapshot test with react-test-renderer Testing the account creation page is rendering with the errors showing 1`] = `
<div
  id="create-account-panel"
>
  <div
    className="row align-center"
  >
    <div
      className="small-11 medium-8 columns"
    >
      <form
        onSubmit={[Function]}
      >
        <div
          className="row"
        >
          <div
            className="columns"
          >
            <div
              className=""
              id="create-account-email"
            >
              <label
                className="create-account-label"
                htmlFor="create-input-email"
                id="create-email-label"
              >
                email_field_label
                <span
                  className="asterisk"
                >
                  *
                </span>
                <input
                  autoComplete="off"
                  className="create-account-input"
                  id="create-input-email"
                  name="email"
                  onChange={[Function]}
                  pattern=".{1,}"
                  required={true}
                  type="text"
                  value=""
                />
              </label>
              <p
                className="warning"
                id="email-invalid"
              >
                invalid_email_create
              </p>
            </div>
            <div
              className=""
              id="create-account-email-confirm"
            >
              <label
                className="create-account-label"
                htmlFor="create-input-email-confirm"
                id="create-email-confirm-label"
              >
                email_confirm_field_label
                <span
                  className="asterisk"
                >
                  *
                </span>
                <input
                  autoComplete="off"
                  className="create-account-input"
                  id="create-input-email-confirm"
                  name="confirmEmail"
                  onChange={[Function]}
                  pattern=".{1,}"
                  required={true}
                  type="text"
                  value=""
                />
              </label>
              <p
                className="warning"
              >
                invalid_email_confirmation
              </p>
            </div>
          </div>
        </div>
        <div
          className="row"
        >
          <div
            className="small-6 columns"
          >
            <div
              id="create-account-first-name"
            >
              <label
                className="create-account-label"
                htmlFor="create-input-first-name"
                id="create-first-name-label"
              >
                first_name_field_label
                <input
                  className="create-account-input"
                  id="create-input-first-name"
                  name="firstName"
                  onChange={[Function]}
                  pattern=".{1,}"
                  type="text"
                  value=""
                />
              </label>
            </div>
          </div>
          <div
            className="small-6 columns"
          >
            <div
              id="create-account-last-name"
            >
              <label
                className="create-account-label"
                htmlFor="create-input-last-name"
                id="create-last-name-label"
              >
                last_name_field_label
                <input
                  className="create-account-input"
                  id="create-input-last-name"
                  name="lastName"
                  onChange={[Function]}
                  pattern=".{1,}"
                  type="text"
                  value=""
                />
              </label>
            </div>
          </div>
        </div>
        <div
          className="row"
        >
          <div
            className="small-12 columns"
          >
            <div
              className=""
              id="create-account-password"
            >
              <div
                className="row"
              >
                <div
                  className="columns"
                >
                  <label
                    className="create-account-label"
                    htmlFor="create-input-password"
                    id="create-password-label"
                  >
                    create_password_field_label
                    <span
                      className="asterisk"
                    >
                      *
                    </span>
                    <input
                      className="create-account-input"
                      id="create-input-password"
                      name="password"
                      onChange={[Function]}
                      pattern=".{1,}"
                      required={true}
                      type="password"
                      value=""
                    />
                  </label>
                </div>
              </div>
              <p
                className="warning"
              >
                <span
                  className=""
                  id="password-length-requirement"
                >
                  password_requirements
                </span>
                <span
                  className=""
                  id="password-characters-requirement"
                >
                  password_characters_requirements
                </span>
              </p>
            </div>
          </div>
        </div>
        <div
          className="row"
        >
          <div
            className="small-12 columns"
          >
            <div
              id="create-account-promotions"
            >
              <input
                checked={true}
                id="promotionsChecked"
                name="promotionsChecked"
                onChange={[Function]}
                type="checkbox"
              />
              <label
                htmlFor="promotionsChecked"
              >
                hub_create_account_checkbox_promotions
              </label>
            </div>
          </div>
        </div>
        <div
          className="row"
        >
          <div
            className="small-12 columns"
          >
            <div
              id="create-account-privacy-container"
            >
              <p
                dangerouslySetInnerHTML={
                  Object {
                    "__html": "account_creation_privacy_statement",
                  }
                }
                id="accept-privacy-label"
              />
            </div>
            <div
              className="row align-center"
              id="account-creation-buttons"
            >
              <div
                className="small-6 columns text-center"
              >
                <a
                  className="cancel button hollow"
                  href="/"
                  id="create-account-cancel"
                  onClick={[Function]}
                >
                  button_cancel
                </a>
              </div>
              <div
                className="small-6 columns text-center"
              >
                <button
                  className="button ghostery-button"
                  id="create-account-button"
                  type="submit"
                >
                  <span
                    className="title"
                  >
                    panel_title_create_account
                  </span>
                  <span
                    className="loader"
                  />
                </button>
              </div>
            </div>
          </div>
        </div>
      </form>
    </div>
  </div>
</div>
`;
